INT
IDENTIFIER
ASSIGN
NUMBER
SEMICOLON
single line comment
INT
IDENTIFIER
ASSIGN
NUMBER
SEMICOLON
DIV
IDENTIFIER
IDENTIFIER
STRING
DIV
INT
IDENTIFIER
ASSIGN
NUMBER
SEMICOLON
DIV
DIV
multi line comment
multi line comment
multi line comment
multi line comment
multi line comment
single line comment
multi line comment
single line comment
multi line comment
single line comment
DIV
MUL
MUL
DIV
single line comment
