FUNC
IDENTIFIER
INT
LPAREN
INT
IDENTIFIER
COMMA
INT
IDENTIFIER
RPAREN
LBRACE
IDENTIFIER
ASSIGN
IDENTIFIER
PLUS
IDENTIFIER
SEMICOLON
IDENTIFIER
ASSIGN
NUMBER
SEMICOLON
IDENTIFIER
ASSIGN
NUMBER
SEMICOLON
RETURN
IDENTIFIER
SEMICOLON
RBRACE
FUNC
IDENTIFIER
INT
LPAREN
INT
REFERENCE
IDENTIFIER
COMMA
INT
REFERENCE
IDENTIFIER
RPAREN
LBRACE
IDENTIFIER
ASSIGN
IDENTIFIER
MUL
IDENTIFIER
SEMICOLON
IDENTIFIER
ASSIGN
NUMBER
SEMICOLON
IDENTIFIER
ASSIGN
NUMBER
SEMICOLON
RBRACE
STRUCT
IDENTIFIER
LBRACE
single line commentINT
IDENTIFIER
SEMICOLON
FLOAT
IDENTIFIER
SEMICOLON
RBRACE
SEMICOLON
single line commentIDENTIFIER
IDENTIFIER
SEMICOLON
single line commentIDENTIFIER
DOT
IDENTIFIER
ASSIGN
NUMBER
SEMICOLON
IDENTIFIER
DOT
IDENTIFIER
ASSIGN
NUMBER
SEMICOLON
IDENTIFIER
ASSIGN
NUMBER
SEMICOLON
IDENTIFIER
ASSIGN
NUMBER
SEMICOLON
IDENTIFIER
ASSIGN
NUMBER
SEMICOLON
IDENTIFIER
ASSIGN
NUMBER
SEMICOLON
IDENTIFIER
ASSIGN
NUMBER
SEMICOLON
single line commentIDENTIFIER
ASSIGN
IDENTIFIER
LPAREN
IDENTIFIER
COMMA
IDENTIFIER
RPAREN
SEMICOLON
IDENTIFIER
ASSIGN
IDENTIFIER
LPAREN
IDENTIFIER
COMMA
IDENTIFIER
RPAREN
SEMICOLON
IDENTIFIER
ASSIGN
NUMBER
SEMICOLON
single line commentFUNC
ASSIGN
NUMBER
SEMICOLON
single line commentIDENTIFIER
REFERENCE
IDENTIFIER
ASSIGN
NUMBER
SEMICOLON
INT
IDENTIFIER
ASSIGN
NUMBER
SEMICOLON
INT
REFERENCE
IDENTIFIER
ASSIGN
IDENTIFIER
SEMICOLON
REFERENCE
IDENTIFIER
ASSIGN
IDENTIFIER
SEMICOLON
single line commentREFERENCE
IDENTIFIER
ASSIGN
NUMBER
SEMICOLON
single line comment