TASKGROUP
IDENTIFIER
LBRACE
TASK
IDENTIFIER
LBRACE
FOR
LPAREN
INT
IDENTIFIER
ASSIGN
NUMBER
SEMICOLON
IDENTIFIER
LT
NUMBER
SEMICOLON
IDENTIFIER
PLUS
PLUS
RPAREN
SEMICOLON
RBRACE
RBRACE
