SUPERVISOR
LBRACE
CALL
ASSIGN
CALL
IDENTIFIER
SEMICOLON
CALL
DOT
JOIN
LPAREN
RPAREN
SEMICOLON
RBRACE
