TASK
LBRACE
INT
IDENTIFIER
ASSIGN
INT_LITERAL
SEMICOLON
FOR
IDENTIFIER
IN
INT_LITERAL
RANGE
IDENTIFIER
SEMICOLON
RBRACE
