TASK
LBRACE
TASK_CHANNEL
LT
MINUS
INT_LITERAL
SEMICOLON
CHANNEL_WAIT
LBRACE
IDENTIFIER
COMMA
INT_LITERAL
RBRACE
SEMICOLON
RBRACE
