TASK
LBRACE
TASK_CHANNEL
LPAREN
ALL
RPAREN
ARROW
INT_LITERAL
SEMICOLON
CHANNEL_WAIT
LPAREN
IDENTIFIER
COMMA
INT_LITERAL
RPAREN
SEMICOLON
RBRACE
