TASKGROUP
LPAREN
LOG
ASSIGN
STRING_LITERAL
RPAREN
