TASKGROUP
LPAREN
LOG
ASSIGN
STRING_LITERAL
<ERROR?>
LBRACE
single line comment
RBRACE
