TASKGROUP
LPAREN
LOG
ASSIGN
STRING_LITERAL
COMMA
IDENTIFIER
ASSIGN
INT_LITERAL
RPAREN
