TASKGROUP
LPAREN
LOG
ASSIGN
STRING_LITERAL
COMMA
COMMA
IDENTIFIER
ASSIGN
NUMBER
RPAREN
