TASKGROUP
IDENTIFIER
LBRACE
INT
IDENTIFIER
ASSIGN
INT_LITERAL
COMMA
IDENTIFIER
ASSIGN
INT_LITERAL
SEMICOLON
IDENTIFIER
ASSIGN
INT_LITERAL
SEMICOLON
IDENTIFIER
ASSIGN
INT_LITERAL
SEMICOLON
SHARED_IDENTIFIER
SEMICOLON
TASK
IDENTIFIER
LBRACE
FOR
LPAREN
INT
IDENTIFIER
ASSIGN
INT_LITERAL
SEMICOLON
IDENTIFIER
LT
INT_LITERAL
SEMICOLON
IDENTIFIER
ADD_ASSIGN
INT_LITERAL
RPAREN
LBRACE
FOR
LPAREN
INT
IDENTIFIER
ASSIGN
INT_LITERAL
SEMICOLON
IDENTIFIER
LT
INT_LITERAL
SEMICOLON
IDENTIFIER
ADD_ASSIGN
INT_LITERAL
RPAREN
SEMICOLON
RBRACE
RBRACE
RBRACE
