PARALLEL
LPAREN
SHARED
ASSIGN
LBRACKET
IDENTIFIER
RBRACKET
COMMA
PRIVATE
ASSIGN
LBRACKET
IDENTIFIER
COMMA
IDENTIFIER
RBRACKET
COMMA
IDENTIFIER
ASSIGN
NUMBER
COMMA
SCHEDULE
ASSIGN
STATIC_SCHEDULE
RPAREN
FOR
IDENTIFIER
IN
NUMBER
RANGE
NUMBER
LBRACE
IDENTIFIER
ADD_ASSIGN
IDENTIFIER
LPAREN
IDENTIFIER
LBRACKET
IDENTIFIER
RBRACKET
RPAREN
SEMICOLON
RBRACE
