PARALLEL
LPAREN
REDUCTION
ASSIGN
LBRACKET
PLUS
COLON
IDENTIFIER
RBRACKET
RPAREN
FOR
IDENTIFIER
IN
INT_LITERAL
RANGE
INT_LITERAL
LBRACE
IDENTIFIER
ADD_ASSIGN
IDENTIFIER
LPAREN
IDENTIFIER
LBRACKET
IDENTIFIER
RBRACKET
RPAREN
SEMICOLON
RBRACE
