PARALLEL
LPAREN
IDENTIFIER
ASSIGN
CHARACTER
RPAREN
LBRACE
IDENTIFIER
LPAREN
IDENTIFIER
RPAREN
SEMICOLON
RBRACE
