IDENTIFIER
LPAREN
IDENTIFIER
ASSIGN
NUMBER
RPAREN
LBRACE
IDENTIFIER
LPAREN
IDENTIFIER
RPAREN
SEMICOLON
RBRACE
