INT
IDENTIFIER
ASSIGN
INT_LITERAL
SEMICOLON
single_line_comment
INT
SHARED_IDENTIFIER
ASSIGN
INT_LITERAL
SEMICOLON
INT
IDENTIFIER
ASSIGN
INT_LITERAL
SEMICOLON
single_line_comment
INT
IDENTIFIER
Syntax Error!!!
IDENTIFIER
ASSIGN
INT_LITERAL
SEMICOLON
single_line_comment
LONG
IDENTIFIER
Syntax Error!!!
Syntax Error!!!
ASSIGN
INT_LITERAL
SEMICOLON
INT
IDENTIFIER
ASSIGN
IDENTIFIER
ASSIGN
INT_LITERAL
SEMICOLON
INT
IDENTIFIER
ASSIGN
INT_LITERAL
IDENTIFIER
ASSIGN
INT_LITERAL
SEMICOLON
LONG
IDENTIFIER
DOT
IDENTIFIER
ASSIGN
INT_LITERAL
SEMICOLON
INT
IDENTIFIER
ASSIGN
CHARACTER_LITERAL
SEMICOLON
BOOL
IDENTIFIER
ASSIGN
TRUE
SEMICOLON
FLOAT
IDENTIFIER
ASSIGN
FLOAT_LITERAL
SEMICOLON
