FUNC
IDENTIFIER
INT
LPAREN
INT
IDENTIFIER
COMMA
INT
IDENTIFIER
RPAREN
LBRACE
IDENTIFIER
ASSIGN
IDENTIFIER
PLUS
IDENTIFIER
SEMICOLON
IDENTIFIER
ASSIGN
INT_LITERAL
SEMICOLON
IDENTIFIER
ASSIGN
INT_LITERAL
SEMICOLON
RETURN
IDENTIFIER
SEMICOLON
RBRACE
FUNC
IDENTIFIER
INT
LPAREN
INT
REFERENCE
IDENTIFIER
COMMA
INT
REFERENCE
IDENTIFIER
RPAREN
LBRACE
IDENTIFIER
ASSIGN
IDENTIFIER
MUL
IDENTIFIER
SEMICOLON
IDENTIFIER
ASSIGN
INT_LITERAL
SEMICOLON
IDENTIFIER
ASSIGN
INT_LITERAL
SEMICOLON
RBRACE
STRUCT
IDENTIFIER
LBRACE
single_line_comment
INT
IDENTIFIER
SEMICOLON
FLOAT
IDENTIFIER
SEMICOLON
RBRACE
SEMICOLON
single_line_comment
IDENTIFIER
IDENTIFIER
SEMICOLON
single_line_comment
IDENTIFIER
DOT
IDENTIFIER
ASSIGN
INT_LITERAL
SEMICOLON
IDENTIFIER
DOT
IDENTIFIER
ASSIGN
FLOAT_LITERAL
SEMICOLON
IDENTIFIER
ASSIGN
INT_LITERAL
SEMICOLON
IDENTIFIER
ASSIGN
INT_LITERAL
SEMICOLON
IDENTIFIER
ASSIGN
INT_LITERAL
SEMICOLON
IDENTIFIER
ASSIGN
INT_LITERAL
SEMICOLON
IDENTIFIER
ASSIGN
INT_LITERAL
SEMICOLON
single_line_comment
IDENTIFIER
ASSIGN
IDENTIFIER
LPAREN
IDENTIFIER
COMMA
IDENTIFIER
RPAREN
SEMICOLON
IDENTIFIER
ASSIGN
IDENTIFIER
LPAREN
IDENTIFIER
COMMA
IDENTIFIER
RPAREN
SEMICOLON
IDENTIFIER
ASSIGN
INT_LITERAL
SEMICOLON
single_line_comment
FUNC
ASSIGN
INT_LITERAL
SEMICOLON
single_line_comment
IDENTIFIER
REFERENCE
IDENTIFIER
ASSIGN
INT_LITERAL
SEMICOLON
INT
IDENTIFIER
ASSIGN
INT_LITERAL
SEMICOLON
INT
REFERENCE
IDENTIFIER
ASSIGN
IDENTIFIER
SEMICOLON
REFERENCE
IDENTIFIER
ASSIGN
IDENTIFIER
SEMICOLON
single_line_comment
REFERENCE
IDENTIFIER
ASSIGN
INT_LITERAL
SEMICOLON
single_line_comment
