INT
IDENTIFIER
LBRACKET
INT_LITERAL
RBRACKET
ASSIGN
LBRACE
INT_LITERAL
COMMA
INT_LITERAL
COMMA
INT_LITERAL
COMMA
INT_LITERAL
COMMA
INT_LITERAL
RBRACE
SEMICOLON
INT
IDENTIFIER
LBRACKET
INT_LITERAL
RBRACKET
SEMICOLON
INT
IDENTIFIER
LBRACKET
INT_LITERAL
COMMA
INT_LITERAL
RBRACKET
SEMICOLON
INT
IDENTIFIER
ASSIGN
INT_LITERAL
SEMICOLON
INT
IDENTIFIER
ASSIGN
INT_LITERAL
RANGE_INCL
IDENTIFIER
SEMICOLON
INT
IDENTIFIER
ASSIGN
INT_LITERAL
RANGE
IDENTIFIER
SEMICOLON
INT
IDENTIFIER
ASSIGN
INT_LITERAL
RANGE_INCL
ASSIGN
IDENTIFIER
SEMICOLON
STRING
IDENTIFIER
ASSIGN
STRING_LITERAL
SEMICOLON
STRING
IDENTIFIER
ASSIGN
STRING_LITERAL
SEMICOLON
IF
LPAREN
IDENTIFIER
DOT
IDENTIFIER
LPAREN
RPAREN
EQ
INT_LITERAL
RPAREN
LBRACE
IDENTIFIER
LBRACKET
INT_LITERAL
RBRACKET
ASSIGN
INT_LITERAL
SEMICOLON
RBRACE
ELSE
IF
LPAREN
IDENTIFIER
DOT
IDENTIFIER
LPAREN
RPAREN
EQ
INT_LITERAL
RPAREN
LBRACE
IDENTIFIER
LBRACKET
INT_LITERAL
RBRACKET
ASSIGN
INT_LITERAL
SEMICOLON
RBRACE
ELSE
LBRACE
IDENTIFIER
ASSIGN
STRING_LITERAL
SEMICOLON
RBRACE
FOR
LPAREN
INT
IDENTIFIER
ASSIGN
INT_LITERAL
SEMICOLON
IDENTIFIER
LT
INT_LITERAL
SEMICOLON
IDENTIFIER
ADD_ASSIGN
INT_LITERAL
RPAREN
LBRACE
IDENTIFIER
LBRACKET
IDENTIFIER
RBRACKET
ASSIGN
IDENTIFIER
SEMICOLON
RBRACE
FOR
IDENTIFIER
IN
IDENTIFIER
LBRACE
IDENTIFIER
ADD_ASSIGN
INT_LITERAL
SEMICOLON
RBRACE
