TASKGROUP
IDENTIFIER
LBRACE
TASKGROUP
IDENTIFIER
LBRACE
Syntax Error!!!
IDENTIFIER
IDENTIFIER
LBRACE
SHARED_IDENTIFIER
SEMICOLON
RBRACE
RBRACE
RBRACE
