PROPERTIES
LBRACE
INT
IDENTIFIER
ASSIGN
INT_LITERAL
SEMICOLON
INT
IDENTIFIER
ASSIGN
INT_LITERAL
SEMICOLON
RBRACE
