PROPERTIES
LBRACE
ORDER
LBRACE
IDENTIFIER
ARROW
IDENTIFIER
COMMA
IDENTIFIER
ARROW
IDENTIFIER
COMMA
IDENTIFIER
ARROW
COMMA
IDENTIFIER
SEMICOLON
SEMICOLON
IDENTIFIER
ARROW
IDENTIFIER
ARROW
IDENTIFIER
COMMA
IDENTIFIER
COMMA
IDENTIFIER
ARROW
ALL
SEMICOLON
RBRACE
RBRACE
