TASKGROUP
IDENTIFIER
LBRACE
PROPERTIES
LBRACE
MEM
LBRACE
IDENTIFIER
ARROW
IDENTIFIER
SEMICOLON
IDENTIFIER
ARROW
IDENTIFIER
SEMICOLON
IDENTIFIER
ARROW
IDENTIFIER
MUT
SEMICOLON
RBRACE
RBRACE
RBRACE
