MEM
LBRACE
IDENTIFIER
ARROW
IDENTIFIER
SEMICOLON
RBRACE
