MEM
LBRACE
IDENTIFIER
MINUS
GT
IDENTIFIER
SEMICOLON
RBRACE
